// Jest Snapshot v1, https://goo.gl/fbAQLP

exports[`Prueba a <CounterApp/> debe demostrar que <CounterApp/> renderice bien 1`] = `
<Fragment>
  <h1>
    CounterApp
  </h1>
  <h2>
    23
  </h2>
  <button
    onClick={[Function]}
  >
     +1 
  </button>
  <button
    onClick={[Function]}
  >
    reset 
  </button>
  <button
    onClick={[Function]}
  >
    -1
  </button>
</Fragment>
`;
